// Jest Snapshot v1, https://goo.gl/fbAQLP

exports[`renders account page if user session exists 1`] = `
<div>
  <div
    className="container-fluid"
  >
    <div
      className="row"
    >
      <div
        className="col"
      >
        <div
          className="fade alert alert-success show"
          role="alert"
        >
          <div
            className="alert-heading h4"
          >
            Welcome to flaky.dev 
            Benjamin Coe
          </div>
          <p>
            You are currently logged in to an acccount, good work!
          </p>
          <hr />
          <p
            className="mb-0"
          >
            look at me go! 
            <img />
          </p>
        </div>
      </div>
    </div>
  </div>
</div>
`;
